../Core/Src/main.c:214:6:SystemClock_Config	88	static,ignoring_inline_asm
../Core/Src/main.c:662:6:Motor_QEIUpdate	24	static
../Core/Src/main.c:681:6:MD20A_Control	16	static
../Core/Src/main.c:702:6:Motor_positionControl	32	static
../Core/Src/main.c:715:6:Motor_velocityControl	48	static
../Core/Src/main.c:739:6:UARTDMAConfig	0	static
../Core/Src/main.c:148:5:main	144	static,ignoring_inline_asm
../Core/Src/main.c:744:6:HAL_TIM_PeriodElapsedCallback	8	static
../Core/Src/main.c:767:6:HAL_UART_RxCpltCallback	24	static
../Core/Src/main.c:786:6:Error_Handler	0	static,ignoring_inline_asm
