../Core/Src/main.c:165:5:main	8	static
../Core/Src/main.c:219:6:SystemClock_Config	88	static
../Core/Src/main.c:266:13:MX_LPUART1_UART_Init	8	static
../Core/Src/main.c:313:13:MX_TIM3_Init	56	static
../Core/Src/main.c:362:13:MX_TIM6_Init	24	static
../Core/Src/main.c:400:13:MX_TIM8_Init	120	static
../Core/Src/main.c:482:13:MX_TIM15_Init	40	static
../Core/Src/main.c:528:13:MX_TIM16_Init	8	static
../Core/Src/main.c:560:13:MX_TIM17_Init	8	static
../Core/Src/main.c:590:13:MX_DMA_Init	16	static
../Core/Src/main.c:612:13:MX_GPIO_Init	48	static
../Core/Src/main.c:661:6:MD20A_Control	16	static
../Core/Src/main.c:682:6:HAL_TIM_PeriodElapsedCallback	16	static
../Core/Src/main.c:712:6:HAL_UART_RxCpltCallback	16	static
../Core/Src/main.c:718:6:Init_TIMER	8	static
../Core/Src/main.c:728:6:Init_Library	8	static
../Core/Src/main.c:742:6:Traj_Setup	8	static
../Core/Src/main.c:758:6:UARTDMAConfig	8	static
../Core/Src/main.c:763:6:UART_Transmit	8	static
../Core/Src/main.c:774:6:UART_Unpack	4	static
../Core/Src/main.c:791:6:Error_Handler	4	static,ignoring_inline_asm
