../Core/Src/main.c:165:5:main	1
../Core/Src/main.c:219:6:SystemClock_Config	3
../Core/Src/main.c:266:13:MX_LPUART1_UART_Init	5
../Core/Src/main.c:313:13:MX_TIM3_Init	3
../Core/Src/main.c:362:13:MX_TIM6_Init	3
../Core/Src/main.c:400:13:MX_TIM8_Init	7
../Core/Src/main.c:482:13:MX_TIM15_Init	4
../Core/Src/main.c:528:13:MX_TIM16_Init	2
../Core/Src/main.c:560:13:MX_TIM17_Init	2
../Core/Src/main.c:590:13:MX_DMA_Init	1
../Core/Src/main.c:612:13:MX_GPIO_Init	1
../Core/Src/main.c:661:6:MD20A_Control	5
../Core/Src/main.c:682:6:HAL_TIM_PeriodElapsedCallback	5
../Core/Src/main.c:712:6:HAL_UART_RxCpltCallback	2
../Core/Src/main.c:718:6:Init_TIMER	1
../Core/Src/main.c:728:6:Init_Library	1
../Core/Src/main.c:742:6:Traj_Setup	6
../Core/Src/main.c:758:6:UARTDMAConfig	1
../Core/Src/main.c:763:6:UART_Transmit	1
../Core/Src/main.c:774:6:UART_Unpack	1
../Core/Src/main.c:791:6:Error_Handler	1
